2026-06-22T11:31:54.274+01:00  INFO 250233 --- [main] c.m.booksells.BooksellsApplication       : Starting BooksellsApplication using Java 21.0.11 with PID 250233 (/home/darklord022/Downloads/Ecommerce-BookSells-main/Ecommerce-BookSells/backend/target/classes started by darklord022 in /home/darklord022/Downloads/Ecommerce-BookSells-main)
2026-06-22T11:31:54.284+01:00  INFO 250233 --- [main] c.m.booksells.BooksellsApplication       : No active profile set, falling back to 1 default profile: "default"
2026-06-22T11:31:57.508+01:00  INFO 250233 --- [main] .s.d.r.c.RepositoryConfigurationDelegate : Bootstrapping Spring Data JPA repositories in DEFAULT mode.
2026-06-22T11:31:57.917+01:00  INFO 250233 --- [main] .s.d.r.c.RepositoryConfigurationDelegate : Finished Spring Data repository scanning in 371 ms. Found 12 JPA repository interfaces.
2026-06-22T11:32:00.269+01:00  INFO 250233 --- [main] o.s.b.w.embedded.tomcat.TomcatWebServer  : Tomcat initialized with port 8080 (http)
2026-06-22T11:32:00.329+01:00  INFO 250233 --- [main] o.apache.catalina.core.StandardService   : Starting service [Tomcat]
2026-06-22T11:32:00.331+01:00  INFO 250233 --- [main] o.apache.catalina.core.StandardEngine    : Starting Servlet engine: [Apache Tomcat/10.1.34]
2026-06-22T11:32:00.510+01:00  INFO 250233 --- [main] o.a.c.c.C.[Tomcat].[localhost].[/]       : Initializing Spring embedded WebApplicationContext
2026-06-22T11:32:00.511+01:00  INFO 250233 --- [main] w.s.c.ServletWebServerApplicationContext : Root WebApplicationContext: initialization completed in 6040 ms
2026-06-22T11:32:01.232+01:00  INFO 250233 --- [main] o.hibernate.jpa.internal.util.LogHelper  : HHH000204: Processing PersistenceUnitInfo [name: default]
2026-06-22T11:32:01.444+01:00  INFO 250233 --- [main] org.hibernate.Version                    : HHH000412: Hibernate ORM core version 6.6.4.Final
2026-06-22T11:32:01.585+01:00  INFO 250233 --- [main] o.h.c.internal.RegionFactoryInitiator    : HHH000026: Second-level cache disabled
2026-06-22T11:32:02.772+01:00  INFO 250233 --- [main] o.s.o.j.p.SpringPersistenceUnitInfo      : No LoadTimeWeaver setup: ignoring JPA class transformer
2026-06-22T11:32:02.902+01:00  INFO 250233 --- [main] com.zaxxer.hikari.HikariDataSource       : HikariPool-1 - Starting...
2026-06-22T11:32:04.294+01:00  INFO 250233 --- [main] com.zaxxer.hikari.pool.HikariPool        : HikariPool-1 - Added connection org.postgresql.jdbc.PgConnection@1ed9d173
2026-06-22T11:32:04.298+01:00  INFO 250233 --- [main] com.zaxxer.hikari.HikariDataSource       : HikariPool-1 - Start completed.
2026-06-22T11:32:04.581+01:00  INFO 250233 --- [main] org.hibernate.orm.connections.pooling    : HHH10001005: Database info:
	Database JDBC URL [Connecting through datasource 'HikariDataSource (HikariPool-1)']
	Database driver: undefined/unknown
	Database version: 17.10
	Autocommit mode: undefined/unknown
	Isolation level: undefined/unknown
	Minimum pool size: undefined/unknown
	Maximum pool size: undefined/unknown
2026-06-22T11:32:09.063+01:00  INFO 250233 --- [main] o.h.e.t.j.p.i.JtaPlatformInitiator       : HHH000489: No JTA platform available (set 'hibernate.transaction.jta.platform' to enable JTA platform integration)
2026-06-22T11:32:09.476+01:00  INFO 250233 --- [main] j.LocalContainerEntityManagerFactoryBean : Initialized JPA EntityManagerFactory for persistence unit 'default'
2026-06-22T11:32:11.255+01:00  INFO 250233 --- [main] o.s.d.j.r.query.QueryEnhancerFactory     : Hibernate is in classpath; If applicable, HQL parser will be used.
2026-06-22T11:32:14.189+01:00  WARN 250233 --- [main] JpaBaseConfiguration$JpaWebConfiguration : spring.jpa.open-in-view is enabled by default. Therefore, database queries may be performed during view rendering. Explicitly configure spring.jpa.open-in-view to disable this warning
2026-06-22T11:32:14.261+01:00  WARN 250233 --- [main] .s.s.UserDetailsServiceAutoConfiguration : 

Using generated security password: ea09a0ab-2898-4aa3-98f2-d2e8d8686d8e

This generated password is for development use only. Your security configuration must be updated before running your application in production.

2026-06-22T11:32:14.287+01:00  INFO 250233 --- [main] r$InitializeUserDetailsManagerConfigurer : Global AuthenticationManager configured with UserDetailsService bean with name inMemoryUserDetailsManager
2026-06-22T11:32:16.528+01:00  INFO 250233 --- [main] o.s.b.w.embedded.tomcat.TomcatWebServer  : Tomcat started on port 8080 (http) with context path '/'
2026-06-22T11:32:16.579+01:00  INFO 250233 --- [main] c.m.booksells.BooksellsApplication       : Started BooksellsApplication in 24.026 seconds (process running for 25.41)
2026-06-22T11:32:16.630+01:00  INFO 250233 --- [main] c.m.b.config.RolePermissionInitializer   : Inicializando Roles e Permissions...
2026-06-22T11:32:17.393+01:00  INFO 250233 --- [main] c.m.b.config.RolePermissionInitializer   : Roles e Permissions inicializadas com sucesso.
2026-06-22T11:32:28.196+01:00  INFO 250233 --- [http-nio-8080-exec-2] o.a.c.c.C.[Tomcat].[localhost].[/]       : Initializing Spring DispatcherServlet 'dispatcherServlet'
2026-06-22T11:32:28.197+01:00  INFO 250233 --- [http-nio-8080-exec-2] o.s.web.servlet.DispatcherServlet        : Initializing Servlet 'dispatcherServlet'
2026-06-22T11:32:28.202+01:00  INFO 250233 --- [http-nio-8080-exec-2] o.s.web.servlet.DispatcherServlet        : Completed initialization in 3 ms
2026-06-22T11:55:28.037+01:00  INFO 250233 --- [SpringApplicationShutdownHook] o.s.b.w.e.tomcat.GracefulShutdown        : Commencing graceful shutdown. Waiting for active requests to complete
2026-06-22T11:55:28.224+01:00  INFO 250233 --- [tomcat-shutdown] o.s.b.w.e.tomcat.GracefulShutdown        : Graceful shutdown complete
2026-06-22T11:55:28.409+01:00  INFO 250233 --- [SpringApplicationShutdownHook] j.LocalContainerEntityManagerFactoryBean : Closing JPA EntityManagerFactory for persistence unit 'default'
2026-06-22T11:55:28.722+01:00  INFO 250233 --- [SpringApplicationShutdownHook] com.zaxxer.hikari.HikariDataSource       : HikariPool-1 - Shutdown initiated...
2026-06-22T11:55:29.252+01:00  INFO 250233 --- [SpringApplicationShutdownHook] com.zaxxer.hikari.HikariDataSource       : HikariPool-1 - Shutdown completed.
